---
source: crates/data-dict-cli/tests/cli.rs
expression: "sanitize(&stderr, &fixture.display().to_string())"
---
Warning: [S09]
   ╭─[ <fixture>:2:1 ]
   │
 2 │ $version: 0.1.0
   │ ────┬───  
   │     ╰───── document is missing the recommended `$learn_more` key
───╯
ℹ Add `$learn_more: http://data-dict.tidyverse.org/` so readers unfamiliar with the format can find it

Error: [S07]
   ╭─[ <fixture>:8:15 ]
   │
 8 │       - name: id
   │               ─┬  
   │                ╰── column `measurements.id` has type `number(id)` but is missing the expected `examples` property
───╯

Error: [S08]
    ╭─[ <fixture>:13:16 ]
    │
 13 │         units: kg
    │                ─┬  
    │                 ╰── column `measurements.name` has `units` but type `string`; `units` is only valid on `number(quantity)` columns
────╯
