---
source: crates/data-dict/tests/validate_spec.rs
---
$version: 0.1.0
────────────────────────────────────────
warning: [S09] A document should point readers to the spec with `$learn_more`.
 --> dict.yaml:1:1
  |
1 | $version: 0.1.0
  | ^^^^^^^^ `$learn_more` is not set
  |
help: point readers to the spec
  |
1 + $learn_more: http://data-dict.tidyverse.org/
  |
