---
source: crates/data-dict/tests/validate_spec.rs
---
$version: "0.1.0"
$learn_more: http://data-dict.tidyverse.org/
tables:
  table:
    columns:
      - name: active
        type: boolean
        examples: [true, false]
────────────────────────────────────────
Error: [S07] A `boolean` column must not have `values`, `range`, or `examples`.
   ╭─[ dict.yaml:8:19 ]
   │
 4 │   table:
 5 │     columns:
 6 │       - name: active
 7 │         type: boolean
 8 │         examples: [true, false]
   │                   ──────┬─────  
   │                         ╰─────── has type `boolean` but uses `examples`
───╯
