---
source: crates/data-dict/tests/validate.rs
expression: "failing_diagnostic(\"invalid/missing-version.yaml\")"
---
Error: [Q-1-10] YAML Validation Failed
   ╭─[ invalid/missing-version.yaml:3:1 ]
   │
 3 │ tables: {}
   │ ─────┬─────  
   │      ╰─────── Missing required property '$version'
───╯
✖ At document root
ℹ Schema constraint: object
ℹ Add the `$version` property to your YAML document?
