---
source: crates/data-dict/tests/validate_spec.rs
---
$version: "0.1.0"
$learn_more: http://data-dict.tidyverse.org/
tables:
  - name: table
    columns:
      - name: c
        type: enum
────────────────────────────────────────
error: [S07] An `enum` column must list its categories with `values`.
 --> dict.yaml:7:15
  |
4 |   - name: table
5 |     columns:
6 |       - name: c
7 |         type: enum
  |               ^^^^ has type `enum` but is missing `values`
