---
source: crates/data-dict/tests/validate_spec.rs
expression: "warning_diagnostic(\"spec/s14-single-table-description.yaml\")"
---
Warning: [S14] A single-table dictionary's description and details belong at the top level.
   ╭─[ spec/s14-single-table-description.yaml:9:5 ]
   │
 8 │   food:
 9 │     description: Each row is a food item.
   │     ─────┬─────  
   │          ╰─────── table `food` has a `description`
───╯

Warning: [S14] A single-table dictionary's description and details belong at the top level.
    ╭─[ spec/s14-single-table-description.yaml:10:5 ]
    │
  8 │   food:
    │ 
 10 │     details: Collected from the USDA FoodData Central database.
    │     ───┬───  
    │        ╰───── table `food` has a `details`
────╯
