---
source: crates/data-dict/tests/validate.rs
expression: "failing_diagnostic(\"lint/s07-range-type-missing-range.yaml\")"
---
Error: [S07]
    ╭─[ lint/s07-range-type-missing-range.yaml:11:15 ]
    │
 11 │       - name: weight
    │               ───┬──  
    │                  ╰──── column `t.weight` has type `number(quantity)` but is missing the expected `range` property
────╯

Error: [S07]
    ╭─[ lint/s07-range-type-missing-range.yaml:14:15 ]
    │
 14 │       - name: recorded_at
    │               ─────┬─────  
    │                    ╰─────── column `t.recorded_at` has type `date` but is missing the expected `range` property
────╯
