---
source: crates/data-dict/tests/validate_spec.rs
---
$version: "0.1.0"
$learn_more: http://data-dict.tidyverse.org/
tables:
  - name: table
    columns:
      - name: mass
        type: number(quantity)
        units: kg
        range: [100, 10]
────────────────────────────────────────
error[S13]: A range's minimum must be less than or equal to its maximum.
  --> dict.yaml:9:17
   |
LL |   - name: table
LL |     columns:
LL |       - name: mass
...
LL |         range: [100, 10]
   |                 ^^^ is greater than the maximum
