---
source: crates/data-dict/tests/validate_spec.rs
---
$version: "0.1.0"
$learn_more: http://data-dict.tidyverse.org/
tables:
  - name: table
    columns:
      - name: weight
        type: number(quantity)
      - name: recorded_at
        type: date
────────────────────────────────────────
Error: [S07] A `number(quantity)` column must describe its bounds with `range`.
   ╭─[ dict.yaml:7:15 ]
   │
 4 │   - name: table
   │ 
 6 │       - name: weight
 7 │         type: number(quantity)
   │               ────────┬───────  
   │                       ╰───────── has type `number(quantity)` but is missing `range`
───╯

Error: [S07] A `date` column must describe its bounds with `range`.
   ╭─[ dict.yaml:9:15 ]
   │
 4 │   - name: table
   │ 
 8 │       - name: recorded_at
 9 │         type: date
   │               ──┬─  
   │                 ╰─── has type `date` but is missing `range`
───╯
