---
source: crates/data-dict/tests/validate_spec.rs
---
# expected: S06
# Recreated from the bundled `otters` example. A `one-to-many` self-join
# `pup.pup_number = mother.otter_no` makes `pup_number` the "one" side, so it
# must be `primary_key` or `unique`; it is neither, so S06 fires.

$version: "0.1.0"

tables:
  - name: otters
    columns:
      - name: otter_no
        type: number(id)
        constraints: [primary_key]
        examples: [1, 2, 3]
      - name: pup_number
        type: number(id)
        examples: [1, 2]
      - name: comments
        type: string
        examples: ["found in river", "tagged"]

relationships:
  - join: pup.pup_number = mother.otter_no
    aliases:
      pup: otters
      mother: otters
    cardinality: one-to-many
────────────────────────────────────────
error[S06]: A `one-to-many` join must have join columns that uniquely identify a row on its left ("one") side: a `unique` column or the full primary key.
  --> spec/s06-self-join-one-to-many.yaml:27:18
   |
LL |   - join: pup.pup_number = mother.otter_no
...
LL |     cardinality: one-to-many
   |                  ^^^^^^^^^^^ the left-side join columns on `pup` do not uniquely identify a row
