---
source: crates/data-dict/tests/validate_spec.rs
---
$version: "0.1.0"
$learn_more: http://data-dict.tidyverse.org/
tables:
  table:
    columns:
      - name: ""
        type: string
        examples: [a, b, c]
────────────────────────────────────────
Error: [S11] Every column must have a non-empty `name`.
   ╭─[ dict.yaml:6:15 ]
   │
 4 │   table:
 5 │     columns:
 6 │       - name: ""
   │               │ 
   │               ╰─ the `name` is empty
───╯
