---
source: crates/data-dict/tests/validate_spec.rs
---
# expected: S06
# Recreated from the bundled `otters` example. A `one-to-many` self-join
# `otters.pup_number = otters.otter_no` makes `pup_number` the "one" side, so
# it must be `primary_key` or `unique`; it is neither, so S06 fires.

$version: "0.1.0"

tables:
  - name: otters
    columns:
      - name: otter_no
        type: number(id)
        constraints: [primary_key]
        examples: [1, 2, 3]
      - name: pup_number
        type: number(id)
        examples: [1, 2]
      - name: comments
        type: string
        examples: ["found in river", "tagged"]

relationships:
  - cardinality: one-to-many
    join: otters.pup_number = otters.otter_no
────────────────────────────────────────
Error: [S06] A `one-to-many` join must have a `primary_key` or `unique` column on its left ("one") side.
    ╭─[ spec/s06-self-join-one-to-many.yaml:24:11 ]
    │
 23 │   - cardinality: one-to-many
 24 │     join: otters.pup_number = otters.otter_no
    │           ─────────────────┬─────────────────  
    │                            ╰─────────────────── the left-side join column on `otters` is not marked `primary_key` or `unique`
────╯
