---
source: crates/data-dict/tests/validate_spec.rs
---
$version: "0.1.0"
$learn_more: http://data-dict.tidyverse.org/
tables:
  - name: table
    columns:
      - name: c
        type: string
        examples: [a, z]
        range: ["a", "z"]
────────────────────────────────────────
error[S07]: A `string` column must not use `range`.
  --> dict.yaml:9:16
   |
LL |   - name: table
LL |     columns:
LL |       - name: c
...
LL |         range: ["a", "z"]
   |                ^^^^^^^^^ has type `string` but uses `range`
