---
source: crates/data-dict/tests/validate.rs
expression: "failing_diagnostic(\"lint/s07-enum-without-values.yaml\")"
---
Error: [S07]
    ╭─[ lint/s07-enum-without-values.yaml:11:15 ]
    │
 11 │       - name: c
    │               ┬  
    │               ╰── column `t.c` has type `enum` but is missing the required `values` property
────╯
