---
source: crates/data-dict/tests/validate.rs
expression: "failing_diagnostic(\"lint/dd002-missing-table.yaml\")"
---
Error: [DD002] data-dict.yaml lint
    ╭─[ lint/dd002-missing-table.yaml:36:35 ]
    │
 36 │     join: food.food_category_id = category.id
    │                                   ─────┬─────  
    │                                        ╰─────── relationship references table `category`, which is not defined in `tables`
────╯

Error: [DD001] data-dict.yaml lint
    ╭─[ lint/dd002-missing-table.yaml:18:15 ]
    │
 18 │       - name: food_category_id
    │               ────────┬───────  
    │                       ╰───────── column `food.food_category_id` is marked `foreign_key` but no `relationships` entry points it at a `primary_key` column
────╯
