---
source: crates/data-dict/tests/validate_spec.rs
---
$version: "0.1.0"
$learn_more: http://data-dict.tidyverse.org/
tables:
  - name: table
    columns:
      - name: seen_on
        type: date
        range: ["2020-01-01", "20-01-2021"]
────────────────────────────────────────
Error: [S12] Each `range` value of a `date` column must be an ISO 8601 date (YYYY-MM-DD).
   ╭─[ dict.yaml:8:31 ]
   │
 4 │   - name: table
   │ 
 6 │       - name: seen_on
   │ 
 8 │         range: ["2020-01-01", "20-01-2021"]
   │                               ─────┬────  
   │                                    ╰────── is a string
───╯
