---
source: crates/data-dict/tests/validate_data.rs
expression: "common::sanitize(&result.render().join(\"\\n\"), yaml.parent().unwrap())"
---
Error: [D01] A required column must not contain nulls.
    ╭─[ dict.yaml:10:23 ]
    │
  4 │   t:
    │ 
  8 │       - name: weight
    │ 
 10 │         constraints: [required]
    │                       ────┬───  
    │                           ╰───── has 1 null value (row: 2)
────╯
