---
source: crates/data-dict/tests/validate_spec.rs
---
$version: "0.1.0"
$learn_more: http://data-dict.tidyverse.org/
bogus: 1
────────────────────────────────────────
Error: [Q-1-18] YAML Validation Failed
   ╭─[ dict.yaml:1:1 ]
   │
 1 │ ╭─▶ $version: "0.1.0"
   ┆ ┆   
 3 │ ├─▶ bogus: 1
   │ │              
   │ ╰────────────── Unknown property 'bogus'
───╯
✖ At document root
ℹ Schema constraint: object
ℹ Check for typos in property names or remove unrecognized properties?
